<html>
<body>
<pre>
<h1>µVision Build Log</h1>
<h2>Tool Versions:</h2>
IDE-Version: µVision V5.26.2.0
Copyright (C) 2018 ARM Ltd and ARM Germany GmbH. All rights reserved.
License Information: takanashi rikka, toshiba, LIC=Q7GJJ-U4UC8-8WD2D-8FIB1-LU2XX-E34U5
 
Tool Versions:
Toolchain:       MDK-ARM Professional  Version: 5.26.2.0
Toolchain Path:  C:\Keil_v5\ARM\ARMCC\Bin
C Compiler:      Armcc.exe V5.06 update 6 (build 750)
Assembler:       Armasm.exe V5.06 update 6 (build 750)
Linker/Locator:  ArmLink.exe V5.06 update 6 (build 750)
Library Manager: ArmAr.exe V5.06 update 6 (build 750)
Hex Converter:   FromElf.exe V5.06 update 6 (build 750)
CPU DLL:         SARMCM3.DLL V5.26.2.0
Dialog DLL:      DCM.DLL V1.17.2.0
Target DLL:      CMSIS_AGDI.dll V1.30.6.0
Dialog DLL:      TCM.DLL V1.36.1.0
 
<h2>Project:</h2>
D:\Project\ARM\work\git\wifi_oriented_arm\project\temp.uvprojx
Project File Date:  07/10/2019

<h2>Output:</h2>
*** Using Compiler 'V5.06 update 6 (build 750)', folder: 'C:\Keil_v5\ARM\ARMCC\Bin'
Rebuild target 'Target 1'
assembling startup_stm32f10x_hd.s...
creating preprocessor file for main.c...
creating preprocessor file for stm32f10x_it.c...
creating preprocessor file for led_display.c...
compiling main.c...
compiling stm32f10x_it.c...
creating preprocessor file for base_timer.c...
compiling led_display.c...
creating preprocessor file for bsp_systick.c...
creating preprocessor file for misc.c...
compiling base_timer.c...
compiling bsp_systick.c...
creating preprocessor file for stm32f10x_adc.c...
compiling misc.c...
creating preprocessor file for stm32f10x_bkp.c...
creating preprocessor file for stm32f10x_can.c...
compiling stm32f10x_adc.c...
compiling stm32f10x_bkp.c...
creating preprocessor file for stm32f10x_cec.c...
creating preprocessor file for stm32f10x_crc.c...
compiling stm32f10x_can.c...
creating preprocessor file for stm32f10x_dac.c...
compiling stm32f10x_cec.c...
compiling stm32f10x_crc.c...
creating preprocessor file for stm32f10x_dbgmcu.c...
compiling stm32f10x_dac.c...
creating preprocessor file for stm32f10x_dma.c...
creating preprocessor file for stm32f10x_exti.c...
compiling stm32f10x_dbgmcu.c...
compiling stm32f10x_dma.c...
creating preprocessor file for stm32f10x_flash.c...
compiling stm32f10x_exti.c...
creating preprocessor file for stm32f10x_fsmc.c...
creating preprocessor file for stm32f10x_gpio.c...
compiling stm32f10x_flash.c...
compiling stm32f10x_fsmc.c...
creating preprocessor file for stm32f10x_i2c.c...
compiling stm32f10x_gpio.c...
creating preprocessor file for stm32f10x_iwdg.c...
creating preprocessor file for stm32f10x_pwr.c...
compiling stm32f10x_i2c.c...
compiling stm32f10x_iwdg.c...
creating preprocessor file for stm32f10x_rcc.c...
compiling stm32f10x_pwr.c...
creating preprocessor file for stm32f10x_rtc.c...
creating preprocessor file for stm32f10x_sdio.c...
compiling stm32f10x_rcc.c...
compiling stm32f10x_rtc.c...
creating preprocessor file for stm32f10x_spi.c...
compiling stm32f10x_sdio.c...
creating preprocessor file for stm32f10x_tim.c...
creating preprocessor file for stm32f10x_usart.c...
compiling stm32f10x_spi.c...
creating preprocessor file for stm32f10x_wwdg.c...
compiling stm32f10x_tim.c...
compiling stm32f10x_usart.c...
creating preprocessor file for system_stm32f10x.c...
creating preprocessor file for core_cm3.c...
compiling stm32f10x_wwdg.c...
compiling core_cm3.c...
compiling system_stm32f10x.c...
linking...
Program Size: Code=836 RO-data=336 RW-data=24 ZI-data=1632  
FromELF: creating hex file...
"..\out\temp.axf" - 0 Error(s), 0 Warning(s).

<h2>Software Packages used:</h2>

Package Vendor: Keil
                http://www.keil.com/pack/Keil.STM32F1xx_DFP.2.3.0.pack
                Keil.STM32F1xx_DFP.2.3.0
                STMicroelectronics STM32F1 Series Device Support, Drivers and Examples

<h2>Collection of Component include folders:</h2>
  .\RTE\_Target_1
  C:\Keil_v5\ARM\PACK\Keil\STM32F1xx_DFP\2.3.0\Device\Include

<h2>Collection of Component Files used:</h2>
Build Time Elapsed:  00:00:18
</pre>
</body>
</html>
