<html>
<body>
<pre>
<h1>µVision Build Log</h1>
<h2>Tool Versions:</h2>
IDE-Version: µVision V5.28.0.0
Copyright (C) 2019 ARM Ltd and ARM Germany GmbH. All rights reserved.
License Information: Miguel Duarte, MDC, LIC=1WSNN-YURRL-F13PT-RKNFW-CRL7A-ZAXDL
 
Tool Versions:
Toolchain:       MDK-ARM Professional  Version: 5.28.0.0
Toolchain Path:  C:\Keil_v5\ARM\ARMCC\Bin
C Compiler:      Armcc.exe V5.06 update 6 (build 750)
Assembler:       Armasm.exe V5.06 update 6 (build 750)
Linker/Locator:  ArmLink.exe V5.06 update 6 (build 750)
Library Manager: ArmAr.exe V5.06 update 6 (build 750)
Hex Converter:   FromElf.exe V5.06 update 6 (build 750)
CPU DLL:         SARMCM3.DLL V5.28.0.0
Dialog DLL:      DCM.DLL V1.17.3.0
Target DLL:      CMSIS_AGDI.dll V1.31.18.0
Dialog DLL:      TCM.DLL V1.36.2.0
 
<h2>Project:</h2>
D:\Development\Kail Dev\wifi_detector\project\temp.uvprojx
Project File Date:  07/12/2019

<h2>Output:</h2>
*** Using Compiler 'V5.06 update 6 (build 750)', folder: 'C:\Keil_v5\ARM\ARMCC\Bin'
Rebuild target 'Target 1'
assembling startup_stm32f10x_hd.s...
creating preprocessor file for led_display.c...
creating preprocessor file for stm32f10x_it.c...
creating preprocessor file for base_timer.c...
creating preprocessor file for main.c...
compiling main.c...
compiling led_display.c...
..\src\display\led_display.c(217): warning:  #177-D: variable "display_offset"  was declared but never referenced
      int display_offset = row * 40 + col;
..\src\display\led_display.c(218): warning:  #177-D: variable "display_num"  was declared but never referenced
      int display_num = hcol_num - col;
..\src\display\led_display.c: 2 warnings, 0 errors
compiling stm32f10x_it.c...
creating preprocessor file for bsp_systick.c...
creating preprocessor file for list_display.c...
compiling base_timer.c...
compiling list_display.c...
creating preprocessor file for bsp_uart.c...
compiling bsp_systick.c...
creating preprocessor file for esp8266.c...
creating preprocessor file for misc.c...
compiling bsp_uart.c...
creating preprocessor file for stm32f10x_adc.c...
creating preprocessor file for stm32f10x_bkp.c...
compiling esp8266.c...
compiling misc.c...
creating preprocessor file for stm32f10x_can.c...
compiling stm32f10x_adc.c...
compiling stm32f10x_bkp.c...
creating preprocessor file for stm32f10x_cec.c...
creating preprocessor file for stm32f10x_crc.c...
creating preprocessor file for stm32f10x_dac.c...
compiling stm32f10x_can.c...
compiling stm32f10x_cec.c...
compiling stm32f10x_crc.c...
creating preprocessor file for stm32f10x_dbgmcu.c...
creating preprocessor file for stm32f10x_dma.c...
compiling stm32f10x_dac.c...
creating preprocessor file for stm32f10x_exti.c...
compiling stm32f10x_dbgmcu.c...
creating preprocessor file for stm32f10x_flash.c...
compiling stm32f10x_dma.c...
creating preprocessor file for stm32f10x_fsmc.c...
compiling stm32f10x_exti.c...
creating preprocessor file for stm32f10x_gpio.c...
compiling stm32f10x_flash.c...
creating preprocessor file for stm32f10x_i2c.c...
creating preprocessor file for stm32f10x_iwdg.c...
compiling stm32f10x_fsmc.c...
compiling stm32f10x_gpio.c...
creating preprocessor file for stm32f10x_pwr.c...
creating preprocessor file for stm32f10x_rcc.c...
compiling stm32f10x_i2c.c...
compiling stm32f10x_iwdg.c...
creating preprocessor file for stm32f10x_rtc.c...
compiling stm32f10x_pwr.c...
creating preprocessor file for stm32f10x_sdio.c...
compiling stm32f10x_rcc.c...
creating preprocessor file for stm32f10x_spi.c...
compiling stm32f10x_rtc.c...
creating preprocessor file for stm32f10x_tim.c...
compiling stm32f10x_sdio.c...
compiling stm32f10x_spi.c...
creating preprocessor file for stm32f10x_usart.c...
creating preprocessor file for stm32f10x_wwdg.c...
creating preprocessor file for system_stm32f10x.c...
compiling stm32f10x_tim.c...
creating preprocessor file for core_cm3.c...
compiling stm32f10x_usart.c...
compiling stm32f10x_wwdg.c...
compiling system_stm32f10x.c...
compiling core_cm3.c...
linking...
Program Size: Code=6500 RO-data=336 RW-data=48 ZI-data=22344  
FromELF: creating hex file...
"..\out\temp.axf" - 0 Error(s), 2 Warning(s).

<h2>Software Packages used:</h2>

Package Vendor: Keil
                http://www.keil.com/pack/Keil.STM32F1xx_DFP.2.3.0.pack
                Keil.STM32F1xx_DFP.2.3.0
                STMicroelectronics STM32F1 Series Device Support, Drivers and Examples

<h2>Collection of Component include folders:</h2>
  .\RTE\_Target_1
  C:\Keil_v5\ARM\PACK\Keil\STM32F1xx_DFP\2.3.0\Device\Include

<h2>Collection of Component Files used:</h2>
Build Time Elapsed:  00:00:08
</pre>
</body>
</html>
